// Jest Snapshot v1, https://goo.gl/fbAQLP

exports[`Confirm snapshot 1`] = `
<DocumentFragment>
  <div
    class="container"
  >
    <div
      class="confirm"
    >
      <h3
        class="are-you-sure"
      >
        Are You Sure?
      </h3>
      <div>
        <button
          class="yes"
          type="button"
        >
          Yes
        </button>
        <button
          class="no"
          type="button"
        >
          No
        </button>
      </div>
    </div>
  </div>
</DocumentFragment>
`;
