// Jest Snapshot v1, https://goo.gl/fbAQLP

exports[`ConfirmPassword snapshot 1`] = `
<DocumentFragment>
  <form
    aria-label="form"
  >
    <label
      for="confirm"
    >
      <span>
        Confirm Password
      </span>
      <input
        id="confirm"
        type="password"
      />
    </label>
    <button
      type="submit"
    >
      Confirm
    </button>
    <button
      type="button"
    >
      Cancel
    </button>
  </form>
</DocumentFragment>
`;
