// Jest Snapshot v1, https://goo.gl/fbAQLP

exports[`EditProfile snapshot 1`] = `
<DocumentFragment>
  <div
    class="container"
  >
    <form
      class="form"
    >
      <h2
        class="heading"
      >
        Edit Profile
      </h2>
      <label
        class="field"
        for="name"
      >
        <span>
          Name
        </span>
        <input
          id="name"
          name="name"
          type="text"
          value="user-name"
        />
      </label>
      <label
        class="field"
        for="email"
      >
        <span>
          Email
        </span>
        <input
          id="email"
          name="email"
          type="text"
          value="email@email.com"
        />
      </label>
      <label
        class="field"
        for="password"
      >
        <span>
          New Password
        </span>
        <input
          id="password"
          name="password"
          type="password"
          value=""
        />
      </label>
      <label
        class="field"
        for="confirm-password"
      >
        <span>
          Confirm New Password
        </span>
        <input
          id="confirm-password"
          name="confirmPassword"
          type="password"
          value=""
        />
      </label>
      <div
        class="buttons"
      >
        <button
          type="submit"
        >
          Save Changes
        </button>
        <button
          type="button"
        >
          Delete Account
        </button>
        <button
          type="button"
        >
          Cancel
        </button>
      </div>
    </form>
  </div>
</DocumentFragment>
`;
