// Jest Snapshot v1, https://goo.gl/fbAQLP

exports[`SongMenu snapshot 1`] = `
<DocumentFragment>
  <div
    class="container"
  >
    <button
      class="button"
    >
      <img
        alt="..."
        data-nimg="1"
        decoding="async"
        height="18"
        loading="lazy"
        src="/_next/image?url=%2Fimg.jpg&w=48&q=75"
        srcset="/_next/image?url=%2Fimg.jpg&w=32&q=75 1x, /_next/image?url=%2Fimg.jpg&w=48&q=75 2x"
        style="color: transparent;"
        width="18"
      />
    </button>
  </div>
</DocumentFragment>
`;
