// Jest Snapshot v1, https://goo.gl/fbAQLP

exports[`Upload snapshot 1`] = `
<DocumentFragment>
  <div>
    <form>
      <h2>
        Create Album
      </h2>
      <label
        for="name"
      >
        <span>
          Name
        </span>
        <input
          id="name"
          name="name"
          type="text"
          value=""
        />
      </label>
      <label
        for="image"
      >
        <span>
          Cover Art
        </span>
        <input
          id="image"
          name="image"
          type="file"
        />
      </label>
      <div>
        <h2>
          Upload Songs
        </h2>
        <div
          draggable="true"
        >
          <h3>
            Song 1
          </h3>
          <label
            for="name0"
          >
            <span>
              Name
            </span>
            <input
              id="name0"
              name="name"
              type="text"
              value=""
            />
          </label>
          <label
            for="audio0"
          >
            <span>
              Audio
            </span>
            <input
              id="audio0"
              name="audio"
              type="file"
            />
          </label>
          <button
            type="button"
          >
            x
          </button>
        </div>
        <button
          type="button"
        >
          +
        </button>
        <button
          type="submit"
        >
          Upload Album
        </button>
      </div>
    </form>
  </div>
</DocumentFragment>
`;
